========================================================
  GuardLens Bootstrap CI Computation
  Job: 29302  Node: g007
  Start: Sun May 24 22:27:12 EDT 2026
========================================================
  OK: causal_eval_results.json
  OK: boundary_stress.json
  OK: human_benchmark_eval.json


============================================================
  DD@15
============================================================
  GuardLens            0.471 [0.372, 0.570]  (n=87)
  Surface-risk         0.542 [0.444, 0.638]  (n=87)

============================================================
  Flip@15
============================================================
  GuardLens            0.494 [0.391, 0.598]  (n=87)
  Surface-risk         0.563 [0.460, 0.667]  (n=87)

============================================================
  Boundary FPR
============================================================
  GuardLens            0.007 [0.000, 0.018]  (n=279)

============================================================
  Attribution Utility = DD@15 − Boundary FPR
============================================================
  GuardLens            0.464 [0.366, 0.561]  (n=87)

============================================================
  Human top-5 turn hit rate
============================================================
  Ann_A                0.837 [0.721, 0.930]  (n=43)
  Ann_B                0.853 [0.735, 0.971]  (n=34)

============================================================
  PAPER-READY SUMMARY
============================================================

  Metric                          Point est                   95% CI      n
  ------------------------------ ---------- ------------------------ ------
  DD@15 (GuardLens)                  0.4709 [0.3724, 0.5699]     87
  DD@15 (Surface-risk)               0.5421 [0.4445, 0.6377]     87
  Flip@15 (GuardLens)                0.4943 [0.3908, 0.5977]     87
  Flip@15 (Surface-risk)             0.5632 [0.4598, 0.6667]     87
  Boundary FPR                       0.0072 [0.0000, 0.0179]    279
  Utility (GuardLens)                0.4637 [0.3665, 0.5613]     87
  Top-5 hit (Ann_A)                  0.8372 [0.7209, 0.9302]     43
  Top-5 hit (Ann_B)                  0.8529 [0.7353, 0.9706]     34

========================================================
  SUCCESS: /gpfs/home/s001/ssubram7/work/results/guardlens_v11/results/bootstrap_cis.json
  Done: Sun May 24 22:27:13 EDT 2026
========================================================
