========================================================
  Reviewer Response Phase 3 (i7qz + MyZK)
  Job: 31749  Node: g008
  Sun Jul 12 12:46:19 EDT 2026
========================================================
NVIDIA A100 80GB PCIe, 81920 MiB
  Python: /gpfs/home/s001/ssubram7/work/conda_envs/guardlens_train/bin/python (Python 3.11.15)
  Boundary files: 2 found

========================================================
  1. LOTO Occlusion Baseline
  Start: 12:46:20
========================================================
Records: 276 (87 adversarial)

  Computing LOTO turn hit rates...

  LOTO Turn Hit Rates:
    top-1: hit=0.333  random=0.213  margin=+0.120
    top-2: hit=0.448  random=0.387  margin=+0.061
    top-3: hit=0.598  random=0.528  margin=+0.069
    top-5: hit=0.655  random=0.732  margin=-0.077

  Computing LOTO DD...

  LOTO Deviation Drop:
    DD@5%: 0.019 (n=86)
    DD@10%: 0.034 (n=86)
    DD@15%: 0.078 (n=86)
    DD@20%: 0.125 (n=86)

  Saved to /gpfs/home/s001/ssubram7/work/results/guardlens_v11/results/review_response/loto_baseline.json
  1: SUCCESS (13:16:11)

========================================================
  2. Attribution Utility Grid (k x lambda)
  Start: 13:16:11
========================================================
Test records: 276
Boundary: 279 from benign_boundary.jsonl
Boundary: 258 from old_benign_boundary_or_unused.jsonl
Test high-risk benign: 68
Total boundary records for FPR: 605
Boundary FPR: 0.0231

Running causal evaluation for DD...
  Evaluator: same model (self-eval)

  === guardlens ===
    Computing flip rates...
    Token F1 (secondary): 0.8771
    Pivot turn:  exact=0.0690  within1=0.0690
    Dev drop:    {'5%': 0.15400162349143037, '10%': 0.43080062485564985, '15%': 0.6085575597429492, '20%': 0.712483580007936}
    Necessity:   {'5%': 0.17401960784313725, '10%': 0.4509803921568627, '15%': 0.6544117647058824, '20%': 0.7647058823529411}
    Sufficiency: {'5%': 1.0, '10%': 1.0, '15%': 1.0, '20%': 1.0}
    Flip rates:  {'flip@5%': 0.16279069767441862, 'flip@10%': 0.4069767441860465, 'flip@15%': 0.6046511627906976, 'flip@20%': 0.7325581395348837, 'n_adversarial': 86, 'per_record_flips': {'flip@5%': [0, 0, 1, 0, 1, 0, 0, 1, 0, 0, 1, 0, 1, 0, 0, 0, 0, 0, 0, 0, 0, 0, 1, 0, 0, 0, 0, 1, 0, 0, 0, 0, 0, 0, 0, 0, 0, 1, 0, 1, 0, 0, 0, 0, 0, 1, 0, 0, 0, 0, 0, 0, 0, 0, 1, 0, 0, 1, 0, 0, 0, 0, 1, 0, 0, 0, 0, 0, 0, 0, 0, 0, 0, 0, 0, 0, 0, 0, 0, 0, 1, 0, 0, 0, 0, 0], 'flip@10%': [1, 1, 1, 1, 1, 0, 1, 1, 0, 0, 1, 1, 1, 0, 0, 0, 1, 0, 0, 0, 1, 0, 1, 0, 1, 0, 0, 1, 1, 1, 0, 0, 0, 0, 0, 0, 1, 1, 0, 1, 0, 1, 1, 1, 0, 1, 0, 0, 0, 0, 0, 0, 0, 0, 1, 0, 1, 1, 1, 1, 0, 0, 1, 0, 1, 0, 0, 0, 1, 0, 0, 0, 0, 0, 1, 0, 1, 0, 0, 0, 1, 0, 0, 0, 0, 0], 'flip@15%': [1, 1, 1, 1, 1, 0, 1, 1, 1, 0, 1, 1, 1, 0, 1, 0, 1, 0, 0, 0, 1, 0, 1, 1, 1, 1, 0, 1, 1, 1, 0, 0, 0, 0, 0, 0, 1, 1, 1, 1, 0, 1, 1, 1, 0, 1, 0, 0, 1, 0, 0, 0, 0, 0, 1, 1, 1, 1, 1, 1, 1, 1, 1, 1, 1, 0, 0, 1, 1, 1, 0, 0, 0, 0, 1, 1, 1, 0, 0, 0, 1, 1, 1, 1, 0, 1], 'flip@20%': [1, 1, 1, 1, 1, 1, 1, 1, 1, 0, 1, 1, 1, 0, 1, 0, 1, 0, 0, 0, 1, 1, 1, 1, 1, 1, 0, 1, 1, 1, 0, 1, 0, 0, 0, 0, 1, 1, 1, 1, 0, 1, 1, 1, 1, 1, 0, 0, 1, 1, 1, 1, 0, 0, 1, 1, 1, 1, 1, 1, 1, 1, 1, 1, 1, 0, 1, 1, 1, 1, 0, 1, 0, 0, 1, 1, 1, 0, 1, 1, 1, 1, 1, 1, 0, 1]}}
    Trigger:     mean=281.9  median=216.0

  === surface_risk ===
    Computing flip rates...
    Token F1 (secondary): 0.0583
    Pivot turn:  exact=0.0805  within1=0.2069
    Dev drop:    {'5%': 0.1764751978279555, '10%': 0.6060621964030403, '15%': 0.6060621964030403, '20%': 0.6060621964030403}
    Necessity:   {'5%': 0.19852941176470587, '10%': 0.6299019607843137, '15%': 0.6299019607843137, '20%': 0.6299019607843137}
    Sufficiency: {'5%': 0.9558823529411765, '10%': 0.9852941176470589, '15%': 0.9852941176470589, '20%': 0.9852941176470589}
    Flip rates:  {'flip@5%': 0.5930232558139535, 'flip@10%': 0.5930232558139535, 'flip@15%': 0.5930232558139535, 'flip@20%': 0.5930232558139535, 'n_adversarial': 86, 'per_record_flips': {'flip@5%': [1, 1, 1, 1, 1, 0, 1, 1, 1, 0, 1, 1, 1, 0, 1, 0, 1, 0, 0, 0, 1, 0, 1, 1, 1, 1, 0, 1, 1, 1, 0, 0, 0, 0, 0, 0, 1, 1, 0, 1, 0, 1, 1, 1, 0, 1, 0, 0, 1, 1, 0, 1, 0, 0, 1, 1, 1, 1, 1, 1, 1, 1, 1, 1, 1, 0, 1, 0, 1, 0, 0, 0, 0, 0, 1, 1, 1, 0, 0, 0, 1, 0, 1, 1, 0, 1], 'flip@10%': [1, 1, 1, 1, 1, 0, 1, 1, 1, 0, 1, 1, 1, 0, 1, 0, 1, 0, 0, 0, 1, 0, 1, 1, 1, 1, 0, 1, 1, 1, 0, 0, 0, 0, 0, 0, 1, 1, 0, 1, 0, 1, 1, 1, 0, 1, 0, 0, 1, 1, 0, 1, 0, 0, 1, 1, 1, 1, 1, 1, 1, 1, 1, 1, 1, 0, 1, 0, 1, 0, 0, 0, 0, 0, 1, 1, 1, 0, 0, 0, 1, 0, 1, 1, 0, 1], 'flip@15%': [1, 1, 1, 1, 1, 0, 1, 1, 1, 0, 1, 1, 1, 0, 1, 0, 1, 0, 0, 0, 1, 0, 1, 1, 1, 1, 0, 1, 1, 1, 0, 0, 0, 0, 0, 0, 1, 1, 0, 1, 0, 1, 1, 1, 0, 1, 0, 0, 1, 1, 0, 1, 0, 0, 1, 1, 1, 1, 1, 1, 1, 1, 1, 1, 1, 0, 1, 0, 1, 0, 0, 0, 0, 0, 1, 1, 1, 0, 0, 0, 1, 0, 1, 1, 0, 1], 'flip@20%': [1, 1, 1, 1, 1, 0, 1, 1, 1, 0, 1, 1, 1, 0, 1, 0, 1, 0, 0, 0, 1, 0, 1, 1, 1, 1, 0, 1, 1, 1, 0, 0, 0, 0, 0, 0, 1, 1, 0, 1, 0, 1, 1, 1, 0, 1, 0, 0, 1, 1, 0, 1, 0, 0, 1, 1, 1, 1, 1, 1, 1, 1, 1, 1, 1, 0, 1, 0, 1, 0, 0, 0, 0, 0, 1, 1, 1, 0, 0, 0, 1, 0, 1, 1, 0, 1]}}
    Trigger:     mean=767.5  median=127.0
Surface risk boundary FPR (threshold=0.3): 0.6694

================================================================================
  ATTRIBUTION UTILITY GRID
  Utility(k, lambda) = DD@k - lambda * boundary_FPR
================================================================================

  k = 5%:
  lambda          guardlens   surface_risk         winner
  ---------- -------------- -------------- --------------
  0.0                 0.154          0.176   surface_risk
  0.5                 0.142         -0.158      guardlens
  1.0                 0.131         -0.493      guardlens
  2.0                 0.108         -1.162      guardlens
  5.0                 0.038         -3.171      guardlens

  k = 10%:
  lambda          guardlens   surface_risk         winner
  ---------- -------------- -------------- --------------
  0.0                 0.431          0.606   surface_risk
  0.5                 0.419          0.271      guardlens
  1.0                 0.408         -0.063      guardlens
  2.0                 0.385         -0.733      guardlens
  5.0                 0.315         -2.741      guardlens

  k = 15%:
  lambda          guardlens   surface_risk         winner
  ---------- -------------- -------------- --------------
  0.0                 0.609          0.606      guardlens
  0.5                 0.597          0.271      guardlens
  1.0                 0.585         -0.063      guardlens
  2.0                 0.562         -0.733      guardlens
  5.0                 0.493         -2.741      guardlens

  k = 20%:
  lambda          guardlens   surface_risk         winner
  ---------- -------------- -------------- --------------
  0.0                 0.712          0.606      guardlens
  0.5                 0.701          0.271      guardlens
  1.0                 0.689         -0.063      guardlens
  2.0                 0.666         -0.733      guardlens
  5.0                 0.597         -2.741      guardlens

  CROSSOVER ANALYSIS:
  Lambda value where surface_risk overtakes guardlens:
    k=5%: lambda < 0.03 → SR wins; lambda > 0.03 → GL wins
    k=10%: lambda < 0.27 → SR wins; lambda > 0.27 → GL wins
    k=15%: lambda < -0.00 → SR wins; lambda > -0.00 → GL wins
    k=20%: lambda < -0.16 → SR wins; lambda > -0.16 → GL wins

  Saved to /gpfs/home/s001/ssubram7/work/results/guardlens_v11/results/review_response/utility_grid.json
  2a end: 13:23:42

  2b. NoCF Utility...
Test records: 276
Boundary: 279 from benign_boundary.jsonl
Boundary: 258 from old_benign_boundary_or_unused.jsonl
Test high-risk benign: 68
Total boundary records for FPR: 605
Boundary FPR: 0.0182

Running causal evaluation for DD...
  Evaluator: same model (self-eval)

  === guardlens ===
    Computing flip rates...
    Token F1 (secondary): 0.8817
    Pivot turn:  exact=0.1149  within1=0.1149
    Dev drop:    {'5%': 0.1998527697657152, '10%': 0.4664042351117435, '15%': 0.5268811063501273, '20%': 0.5736356849786183}
    Necessity:   {'5%': 0.20098039215686272, '10%': 0.4901960784313725, '15%': 0.5686274509803921, '20%': 0.6053921568627451}
    Sufficiency: {'5%': 1.0, '10%': 1.0, '15%': 1.0, '20%': 1.0}
    Flip rates:  {'flip@5%': 0.1724137931034483, 'flip@10%': 0.45977011494252873, 'flip@15%': 0.5287356321839081, 'flip@20%': 0.5747126436781609, 'n_adversarial': 87, 'per_record_flips': {'flip@5%': [0, 1, 1, 0, 1, 0, 0, 0, 0, 0, 0, 0, 1, 0, 0, 0, 1, 0, 0, 0, 0, 0, 0, 1, 0, 1, 0, 0, 1, 0, 0, 0, 0, 0, 0, 0, 0, 0, 1, 0, 1, 0, 0, 0, 1, 0, 0, 0, 0, 0, 0, 0, 0, 0, 0, 0, 0, 0, 1, 1, 0, 0, 0, 1, 0, 0, 0, 0, 0, 0, 0, 0, 0, 0, 0, 0, 0, 0, 0, 0, 0, 0, 0, 0, 0, 0, 1], 'flip@10%': [1, 1, 1, 1, 1, 0, 1, 1, 1, 0, 1, 1, 1, 0, 1, 0, 1, 1, 0, 0, 0, 1, 0, 1, 0, 1, 1, 0, 1, 1, 1, 0, 0, 0, 0, 0, 0, 1, 1, 0, 1, 0, 1, 1, 1, 0, 1, 0, 0, 0, 0, 0, 0, 0, 0, 1, 1, 1, 1, 1, 1, 0, 0, 1, 0, 1, 0, 0, 0, 0, 0, 0, 0, 0, 0, 1, 0, 0, 0, 0, 0, 1, 0, 0, 1, 0, 1], 'flip@15%': [1, 1, 1, 1, 1, 0, 1, 1, 1, 0, 1, 1, 1, 0, 1, 0, 1, 1, 0, 0, 0, 1, 0, 1, 0, 1, 1, 0, 1, 1, 1, 0, 0, 0, 0, 0, 0, 1, 1, 0, 1, 0, 1, 1, 1, 0, 1, 0, 0, 0, 1, 0, 0, 0, 0, 1, 1, 1, 1, 1, 1, 1, 1, 1, 0, 1, 0, 0, 0, 1, 0, 0, 0, 0, 0, 1, 1, 0, 0, 0, 0, 1, 0, 1, 1, 0, 1], 'flip@20%': [1, 1, 1, 1, 1, 0, 1, 1, 1, 0, 1, 1, 1, 0, 1, 0, 1, 1, 0, 0, 0, 1, 0, 1, 1, 1, 1, 0, 1, 1, 1, 0, 0, 0, 0, 0, 0, 1, 1, 0, 1, 0, 1, 1, 1, 0, 1, 0, 0, 1, 1, 0, 0, 0, 0, 1, 1, 1, 1, 1, 1, 1, 1, 1, 0, 1, 0, 0, 0, 1, 1, 0, 0, 0, 0, 1, 1, 1, 0, 0, 0, 1, 0, 1, 1, 0, 1]}}
    Trigger:     mean=387.3  median=228.0
Surface risk boundary FPR (threshold=0.3): 0.6694

================================================================================
  ATTRIBUTION UTILITY GRID
  Utility(k, lambda) = DD@k - lambda * boundary_FPR
================================================================================

  k = 5%:
  lambda          guardlens         winner
  ---------- -------------- --------------
  0.0                 0.200      guardlens
  0.5                 0.191      guardlens
  1.0                 0.182      guardlens
  2.0                 0.163      guardlens
  5.0                 0.109      guardlens

  k = 10%:
  lambda          guardlens         winner
  ---------- -------------- --------------
  0.0                 0.466      guardlens
  0.5                 0.457      guardlens
  1.0                 0.448      guardlens
  2.0                 0.430      guardlens
  5.0                 0.375      guardlens

  k = 15%:
  lambda          guardlens         winner
  ---------- -------------- --------------
  0.0                 0.527      guardlens
  0.5                 0.518      guardlens
  1.0                 0.509      guardlens
  2.0                 0.491      guardlens
  5.0                 0.436      guardlens

  k = 20%:
  lambda          guardlens         winner
  ---------- -------------- --------------
  0.0                 0.574      guardlens
  0.5                 0.565      guardlens
  1.0                 0.555      guardlens
  2.0                 0.537      guardlens
  5.0                 0.483      guardlens

  CROSSOVER ANALYSIS:
  Lambda value where surface_risk overtakes guardlens:
    k=5%: lambda < -0.31 → SR wins; lambda > -0.31 → GL wins
    k=10%: lambda < -0.72 → SR wins; lambda > -0.72 → GL wins
    k=15%: lambda < -0.81 → SR wins; lambda > -0.81 → GL wins
    k=20%: lambda < -0.88 → SR wins; lambda > -0.88 → GL wins

  Saved to /gpfs/home/s001/ssubram7/work/results/guardlens_v11/results/review_response/utility_grid_nocf.json
  2b end: 13:28:09

========================================================
  3. Per-Supervision-Tier Causal Eval
  Start: 13:28:09
========================================================
Device: cuda
Model: guardlens, epoch 13, phase 2
  Loaded 276 test records from /gpfs/home/s001/ssubram7/staging/dataset_gen_output/splits/test.jsonl

Running causal evaluation with methods: ['guardlens', 'surface_risk', 'attention', 'random']
Top-k fractions: [0.05, 0.1, 0.15, 0.2]
  Evaluator: same model (self-eval)

  === guardlens ===
    Computing flip rates...
    Token F1 (secondary): 0.8771
    Pivot turn:  exact=0.0690  within1=0.0690
    Dev drop:    {'5%': 0.15400162349143037, '10%': 0.43080062485564985, '15%': 0.6085575597429492, '20%': 0.712483580007936}
    Necessity:   {'5%': 0.17401960784313725, '10%': 0.4509803921568627, '15%': 0.6544117647058824, '20%': 0.7647058823529411}
    Sufficiency: {'5%': 1.0, '10%': 1.0, '15%': 1.0, '20%': 1.0}
    Flip rates:  {'flip@5%': 0.16279069767441862, 'flip@10%': 0.4069767441860465, 'flip@15%': 0.6046511627906976, 'flip@20%': 0.7325581395348837, 'n_adversarial': 86, 'per_record_flips': {'flip@5%': [0, 0, 1, 0, 1, 0, 0, 1, 0, 0, 1, 0, 1, 0, 0, 0, 0, 0, 0, 0, 0, 0, 1, 0, 0, 0, 0, 1, 0, 0, 0, 0, 0, 0, 0, 0, 0, 1, 0, 1, 0, 0, 0, 0, 0, 1, 0, 0, 0, 0, 0, 0, 0, 0, 1, 0, 0, 1, 0, 0, 0, 0, 1, 0, 0, 0, 0, 0, 0, 0, 0, 0, 0, 0, 0, 0, 0, 0, 0, 0, 1, 0, 0, 0, 0, 0], 'flip@10%': [1, 1, 1, 1, 1, 0, 1, 1, 0, 0, 1, 1, 1, 0, 0, 0, 1, 0, 0, 0, 1, 0, 1, 0, 1, 0, 0, 1, 1, 1, 0, 0, 0, 0, 0, 0, 1, 1, 0, 1, 0, 1, 1, 1, 0, 1, 0, 0, 0, 0, 0, 0, 0, 0, 1, 0, 1, 1, 1, 1, 0, 0, 1, 0, 1, 0, 0, 0, 1, 0, 0, 0, 0, 0, 1, 0, 1, 0, 0, 0, 1, 0, 0, 0, 0, 0], 'flip@15%': [1, 1, 1, 1, 1, 0, 1, 1, 1, 0, 1, 1, 1, 0, 1, 0, 1, 0, 0, 0, 1, 0, 1, 1, 1, 1, 0, 1, 1, 1, 0, 0, 0, 0, 0, 0, 1, 1, 1, 1, 0, 1, 1, 1, 0, 1, 0, 0, 1, 0, 0, 0, 0, 0, 1, 1, 1, 1, 1, 1, 1, 1, 1, 1, 1, 0, 0, 1, 1, 1, 0, 0, 0, 0, 1, 1, 1, 0, 0, 0, 1, 1, 1, 1, 0, 1], 'flip@20%': [1, 1, 1, 1, 1, 1, 1, 1, 1, 0, 1, 1, 1, 0, 1, 0, 1, 0, 0, 0, 1, 1, 1, 1, 1, 1, 0, 1, 1, 1, 0, 1, 0, 0, 0, 0, 1, 1, 1, 1, 0, 1, 1, 1, 1, 1, 0, 0, 1, 1, 1, 1, 0, 0, 1, 1, 1, 1, 1, 1, 1, 1, 1, 1, 1, 0, 1, 1, 1, 1, 0, 1, 0, 0, 1, 1, 1, 0, 1, 1, 1, 1, 1, 1, 0, 1]}}
    Trigger:     mean=281.9  median=216.0

  === surface_risk ===
    Computing flip rates...
    Token F1 (secondary): 0.0583
    Pivot turn:  exact=0.0805  within1=0.2069
    Dev drop:    {'5%': 0.1764751978279555, '10%': 0.6060621964030403, '15%': 0.6060621964030403, '20%': 0.6060621964030403}
    Necessity:   {'5%': 0.19852941176470587, '10%': 0.6299019607843137, '15%': 0.6299019607843137, '20%': 0.6299019607843137}
    Sufficiency: {'5%': 0.9558823529411765, '10%': 0.9852941176470589, '15%': 0.9852941176470589, '20%': 0.9852941176470589}
    Flip rates:  {'flip@5%': 0.5930232558139535, 'flip@10%': 0.5930232558139535, 'flip@15%': 0.5930232558139535, 'flip@20%': 0.5930232558139535, 'n_adversarial': 86, 'per_record_flips': {'flip@5%': [1, 1, 1, 1, 1, 0, 1, 1, 1, 0, 1, 1, 1, 0, 1, 0, 1, 0, 0, 0, 1, 0, 1, 1, 1, 1, 0, 1, 1, 1, 0, 0, 0, 0, 0, 0, 1, 1, 0, 1, 0, 1, 1, 1, 0, 1, 0, 0, 1, 1, 0, 1, 0, 0, 1, 1, 1, 1, 1, 1, 1, 1, 1, 1, 1, 0, 1, 0, 1, 0, 0, 0, 0, 0, 1, 1, 1, 0, 0, 0, 1, 0, 1, 1, 0, 1], 'flip@10%': [1, 1, 1, 1, 1, 0, 1, 1, 1, 0, 1, 1, 1, 0, 1, 0, 1, 0, 0, 0, 1, 0, 1, 1, 1, 1, 0, 1, 1, 1, 0, 0, 0, 0, 0, 0, 1, 1, 0, 1, 0, 1, 1, 1, 0, 1, 0, 0, 1, 1, 0, 1, 0, 0, 1, 1, 1, 1, 1, 1, 1, 1, 1, 1, 1, 0, 1, 0, 1, 0, 0, 0, 0, 0, 1, 1, 1, 0, 0, 0, 1, 0, 1, 1, 0, 1], 'flip@15%': [1, 1, 1, 1, 1, 0, 1, 1, 1, 0, 1, 1, 1, 0, 1, 0, 1, 0, 0, 0, 1, 0, 1, 1, 1, 1, 0, 1, 1, 1, 0, 0, 0, 0, 0, 0, 1, 1, 0, 1, 0, 1, 1, 1, 0, 1, 0, 0, 1, 1, 0, 1, 0, 0, 1, 1, 1, 1, 1, 1, 1, 1, 1, 1, 1, 0, 1, 0, 1, 0, 0, 0, 0, 0, 1, 1, 1, 0, 0, 0, 1, 0, 1, 1, 0, 1], 'flip@20%': [1, 1, 1, 1, 1, 0, 1, 1, 1, 0, 1, 1, 1, 0, 1, 0, 1, 0, 0, 0, 1, 0, 1, 1, 1, 1, 0, 1, 1, 1, 0, 0, 0, 0, 0, 0, 1, 1, 0, 1, 0, 1, 1, 1, 0, 1, 0, 0, 1, 1, 0, 1, 0, 0, 1, 1, 1, 1, 1, 1, 1, 1, 1, 1, 1, 0, 1, 0, 1, 0, 0, 0, 0, 0, 1, 1, 1, 0, 0, 0, 1, 0, 1, 1, 0, 1]}}
    Trigger:     mean=767.5  median=127.0

  === attention ===
    Computing flip rates...
    Token F1 (secondary): 0.7212
    Pivot turn:  exact=0.1034  within1=0.1034
    Dev drop:    {'5%': 0.004864458081334136, '10%': 0.015198247030723927, '15%': 0.02491652786861672, '20%': 0.031060626101206315}
    Necessity:   {'5%': 0.014705882352941176, '10%': 0.029411764705882353, '15%': 0.03676470588235294, '20%': 0.03676470588235294}
    Sufficiency: {'5%': 1.0, '10%': 1.0, '15%': 1.0, '20%': 1.0}
    Flip rates:  {'flip@5%': 0.011627906976744186, 'flip@10%': 0.023255813953488372, 'flip@15%': 0.03488372093023256, 'flip@20%': 0.03488372093023256, 'n_adversarial': 86, 'per_record_flips': {'flip@5%': [0, 0, 0, 0, 0, 0, 0, 0, 0, 0, 0, 0, 0, 0, 0, 0, 0, 0, 0, 0, 0, 0, 0, 0, 0, 0, 0, 0, 0, 0, 0, 0, 0, 0, 0, 0, 0, 0, 0, 0, 0, 0, 0, 0, 0, 0, 0, 0, 0, 0, 0, 0, 0, 0, 0, 0, 0, 1, 0, 0, 0, 0, 0, 0, 0, 0, 0, 0, 0, 0, 0, 0, 0, 0, 0, 0, 0, 0, 0, 0, 0, 0, 0, 0, 0, 0], 'flip@10%': [0, 0, 0, 0, 0, 0, 0, 0, 0, 0, 0, 0, 1, 0, 0, 0, 0, 0, 0, 0, 0, 0, 0, 0, 0, 0, 0, 0, 0, 0, 0, 0, 0, 0, 0, 0, 0, 0, 0, 0, 0, 0, 0, 0, 0, 0, 0, 0, 0, 0, 0, 0, 0, 0, 0, 0, 0, 1, 0, 0, 0, 0, 0, 0, 0, 0, 0, 0, 0, 0, 0, 0, 0, 0, 0, 0, 0, 0, 0, 0, 0, 0, 0, 0, 0, 0], 'flip@15%': [0, 0, 0, 0, 0, 0, 0, 0, 0, 0, 0, 0, 1, 0, 0, 0, 0, 0, 0, 0, 0, 0, 0, 0, 0, 0, 0, 0, 0, 0, 0, 0, 0, 0, 0, 0, 0, 0, 0, 0, 0, 0, 0, 0, 0, 0, 0, 0, 0, 0, 0, 0, 0, 0, 1, 0, 0, 1, 0, 0, 0, 0, 0, 0, 0, 0, 0, 0, 0, 0, 0, 0, 0, 0, 0, 0, 0, 0, 0, 0, 0, 0, 0, 0, 0, 0], 'flip@20%': [0, 0, 0, 0, 0, 0, 0, 0, 0, 0, 0, 0, 1, 0, 0, 0, 0, 0, 0, 0, 0, 0, 0, 0, 0, 0, 0, 0, 0, 0, 0, 0, 0, 0, 0, 0, 0, 0, 0, 0, 0, 0, 0, 0, 0, 0, 0, 0, 0, 0, 0, 0, 0, 0, 1, 0, 0, 1, 0, 0, 0, 0, 0, 0, 0, 0, 0, 0, 0, 0, 0, 0, 0, 0, 0, 0, 0, 0, 0, 0, 0, 0, 0, 0, 0, 0]}}
    Trigger:     mean=1706.0  median=1795.5

  === random ===
    Computing flip rates...
    Token F1 (secondary): 0.6070
    Pivot turn:  exact=0.0230  within1=0.0460
    Dev drop:    {'5%': -0.0016178939231606417, '10%': -0.0019646293895189152, '15%': -0.002318870882655299, '20%': -0.0018988903178725131}
    Necessity:   {'5%': 0.0, '10%': 0.0, '15%': 0.0, '20%': 0.0}
    Sufficiency: {'5%': 0.9117647058823529, '10%': 0.9705882352941176, '15%': 0.9852941176470589, '20%': 1.0}
    Flip rates:  {'flip@5%': 0.0, 'flip@10%': 0.011627906976744186, 'flip@15%': 0.0, 'flip@20%': 0.0, 'n_adversarial': 86, 'per_record_flips': {'flip@5%': [0, 0, 0, 0, 0, 0, 0, 0, 0, 0, 0, 0, 0, 0, 0, 0, 0, 0, 0, 0, 0, 0, 0, 0, 0, 0, 0, 0, 0, 0, 0, 0, 0, 0, 0, 0, 0, 0, 0, 0, 0, 0, 0, 0, 0, 0, 0, 0, 0, 0, 0, 0, 0, 0, 0, 0, 0, 0, 0, 0, 0, 0, 0, 0, 0, 0, 0, 0, 0, 0, 0, 0, 0, 0, 0, 0, 0, 0, 0, 0, 0, 0, 0, 0, 0, 0], 'flip@10%': [0, 0, 0, 0, 0, 0, 0, 0, 0, 0, 0, 0, 0, 0, 0, 0, 0, 0, 0, 0, 0, 0, 0, 0, 0, 0, 0, 0, 0, 0, 0, 0, 0, 0, 0, 0, 0, 0, 0, 0, 0, 0, 0, 0, 0, 0, 0, 0, 0, 0, 0, 0, 0, 0, 0, 0, 0, 1, 0, 0, 0, 0, 0, 0, 0, 0, 0, 0, 0, 0, 0, 0, 0, 0, 0, 0, 0, 0, 0, 0, 0, 0, 0, 0, 0, 0], 'flip@15%': [0, 0, 0, 0, 0, 0, 0, 0, 0, 0, 0, 0, 0, 0, 0, 0, 0, 0, 0, 0, 0, 0, 0, 0, 0, 0, 0, 0, 0, 0, 0, 0, 0, 0, 0, 0, 0, 0, 0, 0, 0, 0, 0, 0, 0, 0, 0, 0, 0, 0, 0, 0, 0, 0, 0, 0, 0, 0, 0, 0, 0, 0, 0, 0, 0, 0, 0, 0, 0, 0, 0, 0, 0, 0, 0, 0, 0, 0, 0, 0, 0, 0, 0, 0, 0, 0], 'flip@20%': [0, 0, 0, 0, 0, 0, 0, 0, 0, 0, 0, 0, 0, 0, 0, 0, 0, 0, 0, 0, 0, 0, 0, 0, 0, 0, 0, 0, 0, 0, 0, 0, 0, 0, 0, 0, 0, 0, 0, 0, 0, 0, 0, 0, 0, 0, 0, 0, 0, 0, 0, 0, 0, 0, 0, 0, 0, 0, 0, 0, 0, 0, 0, 0, 0, 0, 0, 0, 0, 0, 0, 0, 0, 0, 0, 0, 0, 0, 0, 0, 0, 0, 0, 0, 0, 0]}}
    Trigger:     mean=1720.3  median=1766.5

====================================================================================================
  PRIMARY: Causal Attribution Comparison (model-grounded metrics)
====================================================================================================
Method                 DevDrop@15%  Flip@10%   Nec@15%   Suf@15%  TrigSize  PivotAcc
----------------------------------------------------------------------------------------------------
guardlens                   0.6086    0.4070    0.6544    1.0000     216.0    0.0690
surface_risk                0.6061    0.5930    0.6299    0.9853     127.0    0.0805
attention                   0.0249    0.0233    0.0368    1.0000    1795.5    0.1034
random                     -0.0023    0.0116    0.0000    0.9853    1766.5    0.0230

  SECONDARY: Token F1 (synthetic label overlap, de-emphasized)
--------------------------------------------------
  guardlens              F1=0.8771  P=0.8128  R=0.9525
  surface_risk           F1=0.0583  P=0.8462  R=0.0302
  attention              F1=0.7212  P=0.7647  R=0.6824
  random                 F1=0.6070  P=0.7681  R=0.5018
====================================================================================================

============================================================
  Per-supervision-tier attribution evaluation
============================================================

  Subset summary:
    benign_validated          n= 113  mal=  0  ben=113
    construction              n= 105  mal= 29  ben= 76
    llm_confirmed             n=  52  mal= 52  ben=  0
    cf_weak                   n=   4  mal=  4  ben=  0
    cf_strong                 n=   2  mal=  2  ben=  0

  tier:llm_confirmed (52 records)...
  Evaluator: same model (self-eval)

  === guardlens ===
    Computing flip rates...
    Token F1 (secondary): 0.8990
    Pivot turn:  exact=0.0385  within1=0.0385
    Dev drop:    {'5%': 0.10953437597485251, '10%': 0.36381132593991283, '15%': 0.5349928680641369, '20%': 0.6382822024890209}
    Necessity:   {'5%': 0.11538461538461539, '10%': 0.34615384615384615, '15%': 0.5192307692307693, '20%': 0.6538461538461539}
    Sufficiency: {'5%': 1.0, '10%': 1.0, '15%': 1.0, '20%': 1.0}
    Flip rates:  {'flip@5%': 0.11538461538461539, 'flip@10%': 0.34615384615384615, 'flip@15%': 0.5192307692307693, 'flip@20%': 0.6538461538461539, 'n_adversarial': 52, 'per_record_flips': {'flip@5%': [0, 0, 1, 0, 1, 0, 0, 0, 0, 1, 0, 1, 0, 0, 0, 0, 0, 0, 0, 0, 0, 0, 0, 0, 0, 0, 0, 0, 0, 0, 0, 0, 1, 0, 0, 0, 0, 0, 0, 0, 0, 0, 0, 0, 0, 0, 0, 0, 0, 1, 0, 0], 'flip@10%': [1, 1, 1, 1, 1, 0, 1, 0, 0, 1, 1, 1, 0, 0, 0, 1, 0, 0, 0, 1, 0, 1, 0, 0, 0, 0, 0, 0, 0, 0, 0, 0, 1, 0, 1, 0, 0, 0, 1, 0, 0, 0, 0, 0, 1, 0, 1, 0, 0, 1, 0, 0], 'flip@15%': [1, 1, 1, 1, 1, 0, 1, 1, 0, 1, 1, 1, 0, 1, 0, 1, 0, 0, 0, 1, 1, 1, 1, 0, 0, 0, 0, 0, 0, 0, 0, 0, 1, 1, 1, 0, 0, 1, 1, 1, 0, 0, 0, 0, 1, 1, 1, 0, 0, 1, 1, 0], 'flip@20%': [1, 1, 1, 1, 1, 1, 1, 1, 0, 1, 1, 1, 0, 1, 0, 1, 0, 0, 0, 1, 1, 1, 1, 0, 1, 0, 0, 0, 1, 1, 0, 0, 1, 1, 1, 0, 1, 1, 1, 1, 0, 1, 0, 0, 1, 1, 1, 0, 1, 1, 1, 0]}}
    Trigger:     mean=317.6  median=263.5

  === surface_risk ===
    Computing flip rates...
    Token F1 (secondary): 0.0596
    Pivot turn:  exact=0.0769  within1=0.1923
    Dev drop:    {'5%': 0.1317225521067415, '10%': 0.5619449713780201, '15%': 0.5619449713780201, '20%': 0.5619449713780201}
    Necessity:   {'5%': 0.1346153846153846, '10%': 0.5384615384615384, '15%': 0.5384615384615384, '20%': 0.5384615384615384}
    Sufficiency: {'5%': 0.9807692307692307, '10%': 1.0, '15%': 1.0, '20%': 1.0}
    Flip rates:  {'flip@5%': 0.5384615384615384, 'flip@10%': 0.5384615384615384, 'flip@15%': 0.5384615384615384, 'flip@20%': 0.5384615384615384, 'n_adversarial': 52, 'per_record_flips': {'flip@5%': [1, 1, 1, 1, 1, 0, 1, 1, 0, 1, 1, 1, 0, 1, 0, 1, 0, 0, 0, 1, 1, 1, 1, 0, 0, 0, 0, 0, 1, 1, 0, 0, 1, 1, 1, 0, 1, 0, 1, 0, 0, 0, 0, 0, 1, 1, 1, 0, 0, 1, 1, 0], 'flip@10%': [1, 1, 1, 1, 1, 0, 1, 1, 0, 1, 1, 1, 0, 1, 0, 1, 0, 0, 0, 1, 1, 1, 1, 0, 0, 0, 0, 0, 1, 1, 0, 0, 1, 1, 1, 0, 1, 0, 1, 0, 0, 0, 0, 0, 1, 1, 1, 0, 0, 1, 1, 0], 'flip@15%': [1, 1, 1, 1, 1, 0, 1, 1, 0, 1, 1, 1, 0, 1, 0, 1, 0, 0, 0, 1, 1, 1, 1, 0, 0, 0, 0, 0, 1, 1, 0, 0, 1, 1, 1, 0, 1, 0, 1, 0, 0, 0, 0, 0, 1, 1, 1, 0, 0, 1, 1, 0], 'flip@20%': [1, 1, 1, 1, 1, 0, 1, 1, 0, 1, 1, 1, 0, 1, 0, 1, 0, 0, 0, 1, 1, 1, 1, 0, 0, 0, 0, 0, 1, 1, 0, 0, 1, 1, 1, 0, 1, 0, 1, 0, 0, 0, 0, 0, 1, 1, 1, 0, 0, 1, 1, 0]}}
    Trigger:     mean=864.6  median=150.0

  === attention ===
    Computing flip rates...
    Token F1 (secondary): 0.7388
    Pivot turn:  exact=0.0769  within1=0.0769
    Dev drop:    {'5%': 0.003194680580726037, '10%': 0.015274532712422885, '15%': 0.026462250030957736, '20%': 0.034837894322733445}
    Necessity:   {'5%': 0.0, '10%': 0.019230769230769232, '15%': 0.038461538461538464, '20%': 0.038461538461538464}
    Sufficiency: {'5%': 1.0, '10%': 1.0, '15%': 1.0, '20%': 1.0}
    Flip rates:  {'flip@5%': 0.0, 'flip@10%': 0.019230769230769232, 'flip@15%': 0.038461538461538464, 'flip@20%': 0.038461538461538464, 'n_adversarial': 52, 'per_record_flips': {'flip@5%': [0, 0, 0, 0, 0, 0, 0, 0, 0, 0, 0, 0, 0, 0, 0, 0, 0, 0, 0, 0, 0, 0, 0, 0, 0, 0, 0, 0, 0, 0, 0, 0, 0, 0, 0, 0, 0, 0, 0, 0, 0, 0, 0, 0, 0, 0, 0, 0, 0, 0, 0, 0], 'flip@10%': [0, 0, 0, 0, 0, 0, 0, 0, 0, 0, 0, 1, 0, 0, 0, 0, 0, 0, 0, 0, 0, 0, 0, 0, 0, 0, 0, 0, 0, 0, 0, 0, 0, 0, 0, 0, 0, 0, 0, 0, 0, 0, 0, 0, 0, 0, 0, 0, 0, 0, 0, 0], 'flip@15%': [0, 0, 0, 0, 0, 0, 0, 0, 0, 0, 0, 1, 0, 0, 0, 0, 0, 0, 0, 0, 0, 0, 0, 0, 0, 0, 0, 0, 0, 0, 0, 0, 1, 0, 0, 0, 0, 0, 0, 0, 0, 0, 0, 0, 0, 0, 0, 0, 0, 0, 0, 0], 'flip@20%': [0, 0, 0, 0, 0, 0, 0, 0, 0, 0, 0, 1, 0, 0, 0, 0, 0, 0, 0, 0, 0, 0, 0, 0, 0, 0, 0, 0, 0, 0, 0, 0, 1, 0, 0, 0, 0, 0, 0, 0, 0, 0, 0, 0, 0, 0, 0, 0, 0, 0, 0, 0]}}
    Trigger:     mean=1739.2  median=1795.5

  === random ===
    Computing flip rates...
    Token F1 (secondary): 0.6176
    Pivot turn:  exact=0.0769  within1=0.1346
    Dev drop:    {'5%': -0.0003159986092494084, '10%': -8.330666101895846e-05, '15%': -0.00032747938082768366, '20%': -0.0006672682670446542}
    Necessity:   {'5%': 0.0, '10%': 0.0, '15%': 0.0, '20%': 0.0}
    Sufficiency: {'5%': 0.9807692307692307, '10%': 1.0, '15%': 0.9807692307692307, '20%': 0.9807692307692307}
    Flip rates:  {'flip@5%': 0.0, 'flip@10%': 0.0, 'flip@15%': 0.0, 'flip@20%': 0.0, 'n_adversarial': 52, 'per_record_flips': {'flip@5%': [0, 0, 0, 0, 0, 0, 0, 0, 0, 0, 0, 0, 0, 0, 0, 0, 0, 0, 0, 0, 0, 0, 0, 0, 0, 0, 0, 0, 0, 0, 0, 0, 0, 0, 0, 0, 0, 0, 0, 0, 0, 0, 0, 0, 0, 0, 0, 0, 0, 0, 0, 0], 'flip@10%': [0, 0, 0, 0, 0, 0, 0, 0, 0, 0, 0, 0, 0, 0, 0, 0, 0, 0, 0, 0, 0, 0, 0, 0, 0, 0, 0, 0, 0, 0, 0, 0, 0, 0, 0, 0, 0, 0, 0, 0, 0, 0, 0, 0, 0, 0, 0, 0, 0, 0, 0, 0], 'flip@15%': [0, 0, 0, 0, 0, 0, 0, 0, 0, 0, 0, 0, 0, 0, 0, 0, 0, 0, 0, 0, 0, 0, 0, 0, 0, 0, 0, 0, 0, 0, 0, 0, 0, 0, 0, 0, 0, 0, 0, 0, 0, 0, 0, 0, 0, 0, 0, 0, 0, 0, 0, 0], 'flip@20%': [0, 0, 0, 0, 0, 0, 0, 0, 0, 0, 0, 0, 0, 0, 0, 0, 0, 0, 0, 0, 0, 0, 0, 0, 0, 0, 0, 0, 0, 0, 0, 0, 0, 0, 0, 0, 0, 0, 0, 0, 0, 0, 0, 0, 0, 0, 0, 0, 0, 0, 0, 0]}}
    Trigger:     mean=1766.6  median=1795.5

  tier:construction (105 records)...
  Evaluator: same model (self-eval)

  === guardlens ===
    Computing flip rates...
    Token F1 (secondary): 0.8385
    Pivot turn:  exact=0.0690  within1=0.0690
    Dev drop:    {'5%': 0.1830401937269406, '10%': 0.46945841361191143, '15%': 0.6948363454717504, '20%': 0.8005380147595328}
    Necessity:   {'5%': 0.23333333333333334, '10%': 0.45555555555555555, '15%': 0.7444444444444444, '20%': 0.8777777777777778}
    Sufficiency: {'5%': 1.0, '10%': 1.0, '15%': 1.0, '20%': 1.0}
    Flip rates:  {'flip@5%': 0.21428571428571427, 'flip@10%': 0.42857142857142855, 'flip@15%': 0.7142857142857143, 'flip@20%': 0.8214285714285714, 'n_adversarial': 28, 'per_record_flips': {'flip@5%': [0, 1, 1, 0, 0, 0, 0, 0, 0, 1, 0, 1, 0, 0, 0, 0, 0, 0, 1, 0, 0, 0, 1, 0, 0, 0, 0, 0], 'flip@10%': [0, 1, 1, 1, 1, 0, 0, 0, 1, 1, 0, 1, 1, 0, 0, 0, 0, 1, 1, 1, 0, 0, 1, 0, 0, 0, 0, 0], 'flip@15%': [0, 1, 1, 1, 1, 0, 0, 0, 1, 1, 1, 1, 1, 0, 0, 1, 0, 1, 1, 1, 1, 1, 1, 1, 0, 1, 1, 1], 'flip@20%': [1, 1, 1, 1, 1, 0, 0, 0, 1, 1, 1, 1, 1, 0, 0, 1, 1, 1, 1, 1, 1, 1, 1, 1, 1, 1, 1, 1]}}
    Trigger:     mean=249.1  median=201.5

  === surface_risk ===
    Computing flip rates...
    Token F1 (secondary): 0.0528
    Pivot turn:  exact=0.0345  within1=0.1724
    Dev drop:    {'5%': 0.29347766768348393, '10%': 0.6368639880612526, '15%': 0.6368639880612526, '20%': 0.6368639880612526}
    Necessity:   {'5%': 0.3, '10%': 0.6444444444444444, '15%': 0.6444444444444444, '20%': 0.6444444444444444}
    Sufficiency: {'5%': 0.90625, '10%': 0.9375, '15%': 0.9375, '20%': 0.9375}
    Flip rates:  {'flip@5%': 0.6428571428571429, 'flip@10%': 0.6428571428571429, 'flip@15%': 0.6428571428571429, 'flip@20%': 0.6428571428571429, 'n_adversarial': 28, 'per_record_flips': {'flip@5%': [0, 1, 1, 1, 1, 0, 0, 0, 1, 1, 0, 1, 1, 0, 0, 1, 0, 1, 1, 1, 1, 1, 1, 1, 0, 0, 1, 1], 'flip@10%': [0, 1, 1, 1, 1, 0, 0, 0, 1, 1, 0, 1, 1, 0, 0, 1, 0, 1, 1, 1, 1, 1, 1, 1, 0, 0, 1, 1], 'flip@15%': [0, 1, 1, 1, 1, 0, 0, 0, 1, 1, 0, 1, 1, 0, 0, 1, 0, 1, 1, 1, 1, 1, 1, 1, 0, 0, 1, 1], 'flip@20%': [0, 1, 1, 1, 1, 0, 0, 0, 1, 1, 0, 1, 1, 0, 0, 1, 0, 1, 1, 1, 1, 1, 1, 1, 0, 0, 1, 1]}}
    Trigger:     mean=668.9  median=116.5

  === attention ===
    Computing flip rates...
    Token F1 (secondary): 0.7183
    Pivot turn:  exact=0.1379  within1=0.1379
    Dev drop:    {'5%': 0.008800667311464037, '10%': 0.017141655619655336, '15%': 0.026282571256160736, '20%': 0.027960907128934714}
    Necessity:   {'5%': 0.03333333333333333, '10%': 0.03333333333333333, '15%': 0.03333333333333333, '20%': 0.03333333333333333}
    Sufficiency: {'5%': 1.0, '10%': 1.0, '15%': 1.0, '20%': 1.0}
    Flip rates:  {'flip@5%': 0.03571428571428571, 'flip@10%': 0.03571428571428571, 'flip@15%': 0.03571428571428571, 'flip@20%': 0.03571428571428571, 'n_adversarial': 28, 'per_record_flips': {'flip@5%': [0, 0, 0, 0, 0, 0, 0, 0, 0, 0, 0, 0, 0, 0, 0, 0, 0, 0, 1, 0, 0, 0, 0, 0, 0, 0, 0, 0], 'flip@10%': [0, 0, 0, 0, 0, 0, 0, 0, 0, 0, 0, 0, 0, 0, 0, 0, 0, 0, 1, 0, 0, 0, 0, 0, 0, 0, 0, 0], 'flip@15%': [0, 0, 0, 0, 0, 0, 0, 0, 0, 0, 0, 0, 0, 0, 0, 0, 0, 0, 1, 0, 0, 0, 0, 0, 0, 0, 0, 0], 'flip@20%': [0, 0, 0, 0, 0, 0, 0, 0, 0, 0, 0, 0, 0, 0, 0, 0, 0, 0, 1, 0, 0, 0, 0, 0, 0, 0, 0, 0]}}
    Trigger:     mean=1675.7  median=1819.5

  === random ===
    Computing flip rates...
    Token F1 (secondary): 0.5871
    Pivot turn:  exact=0.0345  within1=0.0345
    Dev drop:    {'5%': -0.00042200514248439243, '10%': 0.015145136309521539, '15%': 0.008818493357726507, '20%': 0.0033536297934395926}
    Necessity:   {'5%': 0.0, '10%': 0.03333333333333333, '15%': 0.03333333333333333, '20%': 0.0}
    Sufficiency: {'5%': 0.875, '10%': 0.90625, '15%': 0.90625, '20%': 0.9375}
    Flip rates:  {'flip@5%': 0.0, 'flip@10%': 0.03571428571428571, 'flip@15%': 0.0, 'flip@20%': 0.0, 'n_adversarial': 28, 'per_record_flips': {'flip@5%': [0, 0, 0, 0, 0, 0, 0, 0, 0, 0, 0, 0, 0, 0, 0, 0, 0, 0, 0, 0, 0, 0, 0, 0, 0, 0, 0, 0], 'flip@10%': [0, 0, 0, 0, 0, 0, 0, 0, 0, 0, 0, 0, 0, 0, 0, 0, 0, 0, 1, 0, 0, 0, 0, 0, 0, 0, 0, 0], 'flip@15%': [0, 0, 0, 0, 0, 0, 0, 0, 0, 0, 0, 0, 0, 0, 0, 0, 0, 0, 0, 0, 0, 0, 0, 0, 0, 0, 0, 0], 'flip@20%': [0, 0, 0, 0, 0, 0, 0, 0, 0, 0, 0, 0, 0, 0, 0, 0, 0, 0, 0, 0, 0, 0, 0, 0, 0, 0, 0, 0]}}
    Trigger:     mean=1783.3  median=1828.5

  tier:cf_weak (4 records)...
  Evaluator: same model (self-eval)

  === guardlens ===
    Computing flip rates...
    Token F1 (secondary): 0.8693
    Pivot turn:  exact=0.2500  within1=0.2500
    Dev drop:    {'5%': 0.497289355378598, '10%': 0.7501543578391647, '15%': 0.7682175281884156, '20%': 0.9198616157091237}
    Necessity:   {'5%': 0.5, '10%': 0.75, '15%': 0.75, '20%': 1.0}
    Sufficiency: {'5%': 1.0, '10%': 1.0, '15%': 1.0, '20%': 1.0}
    Flip rates:  {'flip@5%': 0.5, 'flip@10%': 0.75, 'flip@15%': 0.75, 'flip@20%': 1.0, 'n_adversarial': 4, 'per_record_flips': {'flip@5%': [1, 0, 1, 0], 'flip@10%': [1, 0, 1, 1], 'flip@15%': [1, 0, 1, 1], 'flip@20%': [1, 1, 1, 1]}}
    Trigger:     mean=132.8  median=66.0

  === surface_risk ===
    Computing flip rates...
    Token F1 (secondary): 0.0753
    Pivot turn:  exact=0.2500  within1=0.2500
    Dev drop:    {'5%': 0.02756151556968689, '10%': 0.770762759221725, '15%': 0.770762759221725, '20%': 0.770762759221725}
    Necessity:   {'5%': 0.0, '10%': 0.75, '15%': 0.75, '20%': 0.75}
    Sufficiency: {'5%': 1.0, '10%': 1.0, '15%': 1.0, '20%': 1.0}
    Flip rates:  {'flip@5%': 0.75, 'flip@10%': 0.75, 'flip@15%': 0.75, 'flip@20%': 0.75, 'n_adversarial': 4, 'per_record_flips': {'flip@5%': [1, 0, 1, 1], 'flip@10%': [1, 0, 1, 1], 'flip@15%': [1, 0, 1, 1], 'flip@20%': [1, 0, 1, 1]}}
    Trigger:     mean=526.2  median=111.0

  === attention ===
    Computing flip rates...
    Token F1 (secondary): 0.7205
    Pivot turn:  exact=0.2500  within1=0.2500
    Dev drop:    {'5%': 0.0013244301080703735, '10%': 0.008119925856590271, '15%': 0.007711738348007202, '20%': 0.01930221915245056}
    Necessity:   {'5%': 0.0, '10%': 0.0, '15%': 0.0, '20%': 0.0}
    Sufficiency: {'5%': 1.0, '10%': 1.0, '15%': 1.0, '20%': 1.0}
    Flip rates:  {'flip@5%': 0.0, 'flip@10%': 0.0, 'flip@15%': 0.0, 'flip@20%': 0.0, 'n_adversarial': 4, 'per_record_flips': {'flip@5%': [0, 0, 0, 0], 'flip@10%': [0, 0, 0, 0], 'flip@15%': [0, 0, 0, 0], 'flip@20%': [0, 0, 0, 0]}}
    Trigger:     mean=1424.2  median=1586.0

  === random ===
    Computing flip rates...
    Token F1 (secondary): 0.5791
    Pivot turn:  exact=0.0000  within1=0.0000
    Dev drop:    {'5%': -0.00032354891300201416, '10%': 0.00018358230590820312, '15%': -6.152689456939697e-05, '20%': -0.0007764101028442383}
    Necessity:   {'5%': 0.0, '10%': 0.0, '15%': 0.0, '20%': 0.0}
    Sufficiency: {'5%': 0.75, '10%': 1.0, '15%': 1.0, '20%': 1.0}
    Flip rates:  {'flip@5%': 0.0, 'flip@10%': 0.0, 'flip@15%': 0.0, 'flip@20%': 0.0, 'n_adversarial': 4, 'per_record_flips': {'flip@5%': [0, 0, 0, 0], 'flip@10%': [0, 0, 0, 0], 'flip@15%': [0, 0, 0, 0], 'flip@20%': [0, 0, 0, 0]}}
    Trigger:     mean=1420.5  median=1439.5
  Skipping tier:cf_strong (only 2 records)

  tier:benign_validated (113 records)...
  Evaluator: same model (self-eval)

  === guardlens ===
    Computing flip rates...
    Token F1 (secondary): 0.0000
    Pivot turn:  exact=0.0000  within1=0.0000
    Dev drop:    {'5%': 0.0, '10%': 0.0, '15%': 0.0, '20%': 0.0}
    Necessity:   {'5%': 0.0, '10%': 0.0, '15%': 0.0, '20%': 0.0}
    Sufficiency: {'5%': 0.0, '10%': 0.0, '15%': 0.0, '20%': 0.0}
    Flip rates:  {'flip@5%': 0.0, 'flip@10%': 0.0, 'flip@15%': 0.0, 'flip@20%': 0.0, 'n_adversarial': 0, 'per_record_flips': {'flip@5%': [], 'flip@10%': [], 'flip@15%': [], 'flip@20%': []}}

  === surface_risk ===
    Computing flip rates...
    Token F1 (secondary): 0.0000
    Pivot turn:  exact=0.0000  within1=0.0000
    Dev drop:    {'5%': 0.0, '10%': 0.0, '15%': 0.0, '20%': 0.0}
    Necessity:   {'5%': 0.0, '10%': 0.0, '15%': 0.0, '20%': 0.0}
    Sufficiency: {'5%': 0.0, '10%': 0.0, '15%': 0.0, '20%': 0.0}
    Flip rates:  {'flip@5%': 0.0, 'flip@10%': 0.0, 'flip@15%': 0.0, 'flip@20%': 0.0, 'n_adversarial': 0, 'per_record_flips': {'flip@5%': [], 'flip@10%': [], 'flip@15%': [], 'flip@20%': []}}

  === attention ===
    Computing flip rates...
    Token F1 (secondary): 0.0000
    Pivot turn:  exact=0.0000  within1=0.0000
    Dev drop:    {'5%': 0.0, '10%': 0.0, '15%': 0.0, '20%': 0.0}
    Necessity:   {'5%': 0.0, '10%': 0.0, '15%': 0.0, '20%': 0.0}
    Sufficiency: {'5%': 0.0, '10%': 0.0, '15%': 0.0, '20%': 0.0}
    Flip rates:  {'flip@5%': 0.0, 'flip@10%': 0.0, 'flip@15%': 0.0, 'flip@20%': 0.0, 'n_adversarial': 0, 'per_record_flips': {'flip@5%': [], 'flip@10%': [], 'flip@15%': [], 'flip@20%': []}}

  === random ===
    Computing flip rates...
    Token F1 (secondary): 0.0000
    Pivot turn:  exact=0.0000  within1=0.0000
    Dev drop:    {'5%': 0.0, '10%': 0.0, '15%': 0.0, '20%': 0.0}
    Necessity:   {'5%': 0.0, '10%': 0.0, '15%': 0.0, '20%': 0.0}
    Sufficiency: {'5%': 0.0, '10%': 0.0, '15%': 0.0, '20%': 0.0}
    Flip rates:  {'flip@5%': 0.0, 'flip@10%': 0.0, 'flip@15%': 0.0, 'flip@20%': 0.0, 'n_adversarial': 0, 'per_record_flips': {'flip@5%': [], 'flip@10%': [], 'flip@15%': [], 'flip@20%': []}}

============================================================
  Per-transfer-tier attribution evaluation
============================================================

  Subset summary:
    clean_benign              n= 113  mal=  0  ben=113
    hard_benign               n= 109  mal=  0  ben=109
    contextual_pivot          n=  48  mal= 48  ben=  0
    transfer_success          n=  42  mal= 42  ben=  0
    cross_only                n=  38  mal= 38  ben=  0
    lexical_pivot             n=  36  mal= 36  ben=  0
    target_only               n=   7  mal=  7  ben=  0
    false_lead                n=   6  mal=  0  ben=  6
    distributed               n=   2  mal=  2  ben=  0

  transfer:transfer_success (42 records)...
  Evaluator: same model (self-eval)

  === guardlens ===
    Computing flip rates...
    Token F1 (secondary): 0.8972
    Pivot turn:  exact=0.0476  within1=0.0476
    Dev drop:    {'5%': 0.1365267003264827, '10%': 0.44006924699992633, '15%': 0.6164206126842319, '20%': 0.6858283540424444}
    Necessity:   {'5%': 0.13636363636363635, '10%': 0.4090909090909091, '15%': 0.6136363636363636, '20%': 0.7045454545454546}
    Sufficiency: {'5%': 1.0, '10%': 1.0, '15%': 1.0, '20%': 1.0}
    Flip rates:  {'flip@5%': 0.14285714285714285, 'flip@10%': 0.42857142857142855, 'flip@15%': 0.6190476190476191, 'flip@20%': 0.7142857142857143, 'n_adversarial': 42, 'per_record_flips': {'flip@5%': [0, 0, 1, 0, 1, 0, 0, 1, 0, 0, 1, 0, 1, 0, 0, 0, 0, 0, 0, 0, 0, 0, 0, 0, 0, 0, 0, 0, 0, 0, 0, 0, 0, 0, 0, 0, 0, 0, 0, 1, 0, 0], 'flip@10%': [1, 1, 1, 1, 1, 0, 1, 1, 0, 0, 1, 1, 1, 0, 0, 0, 1, 0, 0, 0, 1, 0, 1, 0, 1, 0, 0, 0, 1, 0, 0, 0, 0, 0, 1, 0, 1, 0, 0, 1, 0, 0], 'flip@15%': [1, 1, 1, 1, 1, 0, 1, 1, 1, 0, 1, 1, 1, 0, 1, 0, 1, 0, 0, 0, 1, 1, 1, 1, 1, 0, 0, 1, 1, 1, 0, 0, 0, 0, 1, 1, 1, 0, 0, 1, 1, 0], 'flip@20%': [1, 1, 1, 1, 1, 1, 1, 1, 1, 0, 1, 1, 1, 0, 1, 0, 1, 0, 0, 0, 1, 1, 1, 1, 1, 0, 1, 1, 1, 1, 0, 1, 0, 0, 1, 1, 1, 0, 1, 1, 1, 0]}}
    Trigger:     mean=278.5  median=207.5

  === surface_risk ===
    Computing flip rates...
    Token F1 (secondary): 0.0612
    Pivot turn:  exact=0.0952  within1=0.2381
    Dev drop:    {'5%': 0.16316876220679705, '10%': 0.6224075776172824, '15%': 0.6224075776172824, '20%': 0.6224075776172824}
    Necessity:   {'5%': 0.1590909090909091, '10%': 0.5909090909090909, '15%': 0.5909090909090909, '20%': 0.5909090909090909}
    Sufficiency: {'5%': 0.9772727272727273, '10%': 1.0, '15%': 1.0, '20%': 1.0}
    Flip rates:  {'flip@5%': 0.5952380952380952, 'flip@10%': 0.5952380952380952, 'flip@15%': 0.5952380952380952, 'flip@20%': 0.5952380952380952, 'n_adversarial': 42, 'per_record_flips': {'flip@5%': [1, 1, 1, 1, 1, 0, 1, 1, 1, 0, 1, 1, 1, 0, 1, 0, 1, 0, 0, 0, 1, 1, 1, 1, 1, 0, 1, 0, 1, 0, 0, 0, 0, 0, 1, 1, 1, 0, 0, 1, 1, 0], 'flip@10%': [1, 1, 1, 1, 1, 0, 1, 1, 1, 0, 1, 1, 1, 0, 1, 0, 1, 0, 0, 0, 1, 1, 1, 1, 1, 0, 1, 0, 1, 0, 0, 0, 0, 0, 1, 1, 1, 0, 0, 1, 1, 0], 'flip@15%': [1, 1, 1, 1, 1, 0, 1, 1, 1, 0, 1, 1, 1, 0, 1, 0, 1, 0, 0, 0, 1, 1, 1, 1, 1, 0, 1, 0, 1, 0, 0, 0, 0, 0, 1, 1, 1, 0, 0, 1, 1, 0], 'flip@20%': [1, 1, 1, 1, 1, 0, 1, 1, 1, 0, 1, 1, 1, 0, 1, 0, 1, 0, 0, 0, 1, 1, 1, 1, 1, 0, 1, 0, 1, 0, 0, 0, 0, 0, 1, 1, 1, 0, 0, 1, 1, 0]}}
    Trigger:     mean=770.1  median=129.5

  === attention ===
    Computing flip rates...
    Token F1 (secondary): 0.7401
    Pivot turn:  exact=0.0952  within1=0.0952
    Dev drop:    {'5%': 0.0030998076711382183, '10%': 0.017394301437196277, '15%': 0.020878447663216365, '20%': 0.0249343239948281}
    Necessity:   {'5%': 0.0, '10%': 0.022727272727272728, '15%': 0.022727272727272728, '20%': 0.022727272727272728}
    Sufficiency: {'5%': 1.0, '10%': 1.0, '15%': 1.0, '20%': 1.0}
    Flip rates:  {'flip@5%': 0.0, 'flip@10%': 0.023809523809523808, 'flip@15%': 0.023809523809523808, 'flip@20%': 0.023809523809523808, 'n_adversarial': 42, 'per_record_flips': {'flip@5%': [0, 0, 0, 0, 0, 0, 0, 0, 0, 0, 0, 0, 0, 0, 0, 0, 0, 0, 0, 0, 0, 0, 0, 0, 0, 0, 0, 0, 0, 0, 0, 0, 0, 0, 0, 0, 0, 0, 0, 0, 0, 0], 'flip@10%': [0, 0, 0, 0, 0, 0, 0, 0, 0, 0, 0, 0, 1, 0, 0, 0, 0, 0, 0, 0, 0, 0, 0, 0, 0, 0, 0, 0, 0, 0, 0, 0, 0, 0, 0, 0, 0, 0, 0, 0, 0, 0], 'flip@15%': [0, 0, 0, 0, 0, 0, 0, 0, 0, 0, 0, 0, 1, 0, 0, 0, 0, 0, 0, 0, 0, 0, 0, 0, 0, 0, 0, 0, 0, 0, 0, 0, 0, 0, 0, 0, 0, 0, 0, 0, 0, 0], 'flip@20%': [0, 0, 0, 0, 0, 0, 0, 0, 0, 0, 0, 0, 1, 0, 0, 0, 0, 0, 0, 0, 0, 0, 0, 0, 0, 0, 0, 0, 0, 0, 0, 0, 0, 0, 0, 0, 0, 0, 0, 0, 0, 0]}}
    Trigger:     mean=1742.5  median=1795.5

  === random ===
    Computing flip rates...
    Token F1 (secondary): 0.6243
    Pivot turn:  exact=0.0714  within1=0.1190
    Dev drop:    {'5%': -0.0004457661083766392, '10%': -9.00725523630778e-05, '15%': -0.0007808818703606015, '20%': -1.5170801253545852e-05}
    Necessity:   {'5%': 0.0, '10%': 0.0, '15%': 0.0, '20%': 0.0}
    Sufficiency: {'5%': 0.9318181818181818, '10%': 1.0, '15%': 1.0, '20%': 1.0}
    Flip rates:  {'flip@5%': 0.0, 'flip@10%': 0.0, 'flip@15%': 0.0, 'flip@20%': 0.023809523809523808, 'n_adversarial': 42, 'per_record_flips': {'flip@5%': [0, 0, 0, 0, 0, 0, 0, 0, 0, 0, 0, 0, 0, 0, 0, 0, 0, 0, 0, 0, 0, 0, 0, 0, 0, 0, 0, 0, 0, 0, 0, 0, 0, 0, 0, 0, 0, 0, 0, 0, 0, 0], 'flip@10%': [0, 0, 0, 0, 0, 0, 0, 0, 0, 0, 0, 0, 0, 0, 0, 0, 0, 0, 0, 0, 0, 0, 0, 0, 0, 0, 0, 0, 0, 0, 0, 0, 0, 0, 0, 0, 0, 0, 0, 0, 0, 0], 'flip@15%': [0, 0, 0, 0, 0, 0, 0, 0, 0, 0, 0, 0, 0, 0, 0, 0, 0, 0, 0, 0, 0, 0, 0, 0, 0, 0, 0, 0, 0, 0, 0, 0, 0, 0, 0, 0, 0, 0, 0, 0, 0, 0], 'flip@20%': [0, 0, 0, 0, 0, 0, 0, 0, 0, 0, 0, 0, 1, 0, 0, 0, 0, 0, 0, 0, 0, 0, 0, 0, 0, 0, 0, 0, 0, 0, 0, 0, 0, 0, 0, 0, 0, 0, 0, 0, 0, 0]}}
    Trigger:     mean=1753.4  median=1784.0

  transfer:target_only (7 records)...
  Evaluator: same model (self-eval)

  === guardlens ===
    Computing flip rates...
    Token F1 (secondary): 0.8669
    Pivot turn:  exact=0.1429  within1=0.1429
    Dev drop:    {'5%': 0.11533634861310323, '10%': 0.2977214845353349, '15%': 0.7478657992381462, '20%': 0.975159848051741}
    Necessity:   {'5%': 0.16666666666666666, '10%': 0.16666666666666666, '15%': 0.6666666666666666, '20%': 1.0}
    Sufficiency: {'5%': 1.0, '10%': 1.0, '15%': 1.0, '20%': 1.0}
    Flip rates:  {'flip@5%': 0.16666666666666666, 'flip@10%': 0.16666666666666666, 'flip@15%': 0.6666666666666666, 'flip@20%': 1.0, 'n_adversarial': 6, 'per_record_flips': {'flip@5%': [0, 1, 0, 0, 0, 0], 'flip@10%': [0, 1, 0, 0, 0, 0], 'flip@15%': [0, 1, 0, 1, 1, 1], 'flip@20%': [1, 1, 1, 1, 1, 1]}}
    Trigger:     mean=210.5  median=207.5

  === surface_risk ===
    Computing flip rates...
    Token F1 (secondary): 0.0314
    Pivot turn:  exact=0.1429  within1=0.1429
    Dev drop:    {'5%': 0.4981167129341581, '10%': 0.5399102977577664, '15%': 0.5399102977577664, '20%': 0.5399102977577664}
    Necessity:   {'5%': 0.5, '10%': 0.5, '15%': 0.5, '20%': 0.5}
    Sufficiency: {'5%': 0.875, '10%': 0.875, '15%': 0.875, '20%': 0.875}
    Flip rates:  {'flip@5%': 0.5, 'flip@10%': 0.5, 'flip@15%': 0.5, 'flip@20%': 0.5, 'n_adversarial': 6, 'per_record_flips': {'flip@5%': [0, 1, 0, 0, 1, 1], 'flip@10%': [0, 1, 0, 0, 1, 1], 'flip@15%': [0, 1, 0, 0, 1, 1], 'flip@20%': [0, 1, 0, 0, 1, 1]}}
    Trigger:     mean=905.3  median=885.5

  === attention ===
    Computing flip rates...
    Token F1 (secondary): 0.7858
    Pivot turn:  exact=0.0000  within1=0.0000
    Dev drop:    {'5%': 0.00028209884961446124, '10%': 0.0006878376007080078, '15%': 0.002628197272618612, '20%': 0.006959835688273112}
    Necessity:   {'5%': 0.0, '10%': 0.0, '15%': 0.0, '20%': 0.0}
    Sufficiency: {'5%': 1.0, '10%': 1.0, '15%': 1.0, '20%': 1.0}
    Flip rates:  {'flip@5%': 0.0, 'flip@10%': 0.0, 'flip@15%': 0.0, 'flip@20%': 0.0, 'n_adversarial': 6, 'per_record_flips': {'flip@5%': [0, 0, 0, 0, 0, 0], 'flip@10%': [0, 0, 0, 0, 0, 0], 'flip@15%': [0, 0, 0, 0, 0, 0], 'flip@20%': [0, 0, 0, 0, 0, 0]}}
    Trigger:     mean=1426.5  median=1716.5

  === random ===
    Computing flip rates...
    Token F1 (secondary): 0.6027
    Pivot turn:  exact=0.1429  within1=0.1429
    Dev drop:    {'5%': -0.0001983642578125, '10%': -0.0002855161825815837, '15%': -0.00038455923398335773, '20%': -0.00043716033299763996}
    Necessity:   {'5%': 0.0, '10%': 0.0, '15%': 0.0, '20%': 0.0}
    Sufficiency: {'5%': 0.875, '10%': 0.875, '15%': 0.875, '20%': 0.875}
    Flip rates:  {'flip@5%': 0.0, 'flip@10%': 0.0, 'flip@15%': 0.0, 'flip@20%': 0.0, 'n_adversarial': 6, 'per_record_flips': {'flip@5%': [0, 0, 0, 0, 0, 0], 'flip@10%': [0, 0, 0, 0, 0, 0], 'flip@15%': [0, 0, 0, 0, 0, 0], 'flip@20%': [0, 0, 0, 0, 0, 0]}}
    Trigger:     mean=1587.0  median=1638.0

  transfer:cross_only (38 records)...
  Evaluator: same model (self-eval)

  === guardlens ===
    Computing flip rates...
    Token F1 (secondary): 0.8490
    Pivot turn:  exact=0.0789  within1=0.0789
    Dev drop:    {'5%': 0.17948107792395412, '10%': 0.44153122694024205, '15%': 0.5778695344547726, '20%': 0.7004633204306198}
    Necessity:   {'5%': 0.2, '10%': 0.425, '15%': 0.6, '20%': 0.725}
    Sufficiency: {'5%': 1.0, '10%': 1.0, '15%': 1.0, '20%': 1.0}
    Flip rates:  {'flip@5%': 0.18421052631578946, 'flip@10%': 0.42105263157894735, 'flip@15%': 0.5789473684210527, 'flip@20%': 0.7105263157894737, 'n_adversarial': 38, 'per_record_flips': {'flip@5%': [0, 1, 0, 0, 0, 0, 0, 0, 0, 0, 0, 1, 0, 1, 0, 0, 0, 0, 0, 1, 0, 0, 0, 0, 0, 0, 0, 0, 1, 0, 0, 1, 0, 0, 0, 0, 1, 0], 'flip@10%': [0, 1, 1, 1, 0, 0, 0, 0, 0, 0, 1, 1, 0, 1, 0, 1, 1, 1, 0, 1, 0, 0, 0, 0, 0, 0, 0, 0, 1, 0, 1, 1, 1, 1, 0, 0, 1, 0], 'flip@15%': [0, 1, 1, 1, 0, 0, 0, 0, 0, 0, 1, 1, 1, 1, 0, 1, 1, 1, 0, 1, 0, 0, 1, 0, 0, 0, 0, 0, 1, 1, 1, 1, 1, 1, 1, 1, 1, 1], 'flip@20%': [0, 1, 1, 1, 0, 1, 0, 0, 0, 0, 1, 1, 1, 1, 0, 1, 1, 1, 1, 1, 0, 0, 1, 1, 1, 1, 0, 0, 1, 1, 1, 1, 1, 1, 1, 1, 1, 1]}}
    Trigger:     mean=297.0  median=252.0

  === surface_risk ===
    Computing flip rates...
    Token F1 (secondary): 0.0601
    Pivot turn:  exact=0.0526  within1=0.1842
    Dev drop:    {'5%': 0.1403964179181984, '10%': 0.5984350582547402, '15%': 0.5984350582547402, '20%': 0.5984350582547402}
    Necessity:   {'5%': 0.15, '10%': 0.625, '15%': 0.625, '20%': 0.625}
    Sufficiency: {'5%': 0.975, '10%': 1.0, '15%': 1.0, '20%': 1.0}
    Flip rates:  {'flip@5%': 0.6052631578947368, 'flip@10%': 0.6052631578947368, 'flip@15%': 0.6052631578947368, 'flip@20%': 0.6052631578947368, 'n_adversarial': 38, 'per_record_flips': {'flip@5%': [0, 1, 1, 1, 0, 0, 0, 0, 0, 0, 1, 1, 0, 1, 0, 1, 1, 1, 0, 1, 0, 0, 1, 1, 0, 1, 0, 0, 1, 1, 1, 1, 1, 1, 1, 1, 1, 1], 'flip@10%': [0, 1, 1, 1, 0, 0, 0, 0, 0, 0, 1, 1, 0, 1, 0, 1, 1, 1, 0, 1, 0, 0, 1, 1, 0, 1, 0, 0, 1, 1, 1, 1, 1, 1, 1, 1, 1, 1], 'flip@15%': [0, 1, 1, 1, 0, 0, 0, 0, 0, 0, 1, 1, 0, 1, 0, 1, 1, 1, 0, 1, 0, 0, 1, 1, 0, 1, 0, 0, 1, 1, 1, 1, 1, 1, 1, 1, 1, 1], 'flip@20%': [0, 1, 1, 1, 0, 0, 0, 0, 0, 0, 1, 1, 0, 1, 0, 1, 1, 1, 0, 1, 0, 0, 1, 1, 0, 1, 0, 0, 1, 1, 1, 1, 1, 1, 1, 1, 1, 1]}}
    Trigger:     mean=742.9  median=125.0

  === attention ===
    Computing flip rates...
    Token F1 (secondary): 0.7004
    Pivot turn:  exact=0.1316  within1=0.1316
    Dev drop:    {'5%': 0.007551488123441997, '10%': 0.015078313256564894, '15%': 0.0328958029858768, '20%': 0.041646568922212614}
    Necessity:   {'5%': 0.025, '10%': 0.025, '15%': 0.05, '20%': 0.05}
    Sufficiency: {'5%': 1.0, '10%': 1.0, '15%': 1.0, '20%': 1.0}
    Flip rates:  {'flip@5%': 0.02631578947368421, 'flip@10%': 0.02631578947368421, 'flip@15%': 0.05263157894736842, 'flip@20%': 0.05263157894736842, 'n_adversarial': 38, 'per_record_flips': {'flip@5%': [0, 0, 0, 0, 0, 0, 0, 0, 0, 0, 0, 0, 0, 0, 0, 0, 0, 0, 0, 0, 0, 0, 0, 0, 0, 0, 0, 0, 0, 0, 0, 1, 0, 0, 0, 0, 0, 0], 'flip@10%': [0, 0, 0, 0, 0, 0, 0, 0, 0, 0, 0, 0, 0, 0, 0, 0, 0, 0, 0, 0, 0, 0, 0, 0, 0, 0, 0, 0, 0, 0, 0, 1, 0, 0, 0, 0, 0, 0], 'flip@15%': [0, 0, 0, 0, 0, 0, 0, 0, 0, 0, 0, 0, 0, 0, 0, 0, 0, 0, 0, 0, 0, 0, 0, 0, 0, 0, 0, 0, 1, 0, 0, 1, 0, 0, 0, 0, 0, 0], 'flip@20%': [0, 0, 0, 0, 0, 0, 0, 0, 0, 0, 0, 0, 0, 0, 0, 0, 0, 0, 0, 0, 0, 0, 0, 0, 0, 0, 0, 0, 1, 0, 0, 1, 0, 0, 0, 0, 0, 0]}}
    Trigger:     mean=1709.7  median=1806.5

  === random ===
    Computing flip rates...
    Token F1 (secondary): 0.5900
    Pivot turn:  exact=0.0789  within1=0.1316
    Dev drop:    {'5%': 0.0011792935823139391, '10%': -0.0006673790906604968, '15%': -0.003857297332663285, '20%': -0.004940395292482878}
    Necessity:   {'5%': 0.0, '10%': 0.0, '15%': 0.0, '20%': 0.0}
    Sufficiency: {'5%': 0.9, '10%': 1.0, '15%': 1.0, '20%': 1.0}
    Flip rates:  {'flip@5%': 0.0, 'flip@10%': 0.0, 'flip@15%': 0.0, 'flip@20%': 0.0, 'n_adversarial': 38, 'per_record_flips': {'flip@5%': [0, 0, 0, 0, 0, 0, 0, 0, 0, 0, 0, 0, 0, 0, 0, 0, 0, 0, 0, 0, 0, 0, 0, 0, 0, 0, 0, 0, 0, 0, 0, 0, 0, 0, 0, 0, 0, 0], 'flip@10%': [0, 0, 0, 0, 0, 0, 0, 0, 0, 0, 0, 0, 0, 0, 0, 0, 0, 0, 0, 0, 0, 0, 0, 0, 0, 0, 0, 0, 0, 0, 0, 0, 0, 0, 0, 0, 0, 0], 'flip@15%': [0, 0, 0, 0, 0, 0, 0, 0, 0, 0, 0, 0, 0, 0, 0, 0, 0, 0, 0, 0, 0, 0, 0, 0, 0, 0, 0, 0, 0, 0, 0, 0, 0, 0, 0, 0, 0, 0], 'flip@20%': [0, 0, 0, 0, 0, 0, 0, 0, 0, 0, 0, 0, 0, 0, 0, 0, 0, 0, 0, 0, 0, 0, 0, 0, 0, 0, 0, 0, 0, 0, 0, 0, 0, 0, 0, 0, 0, 0]}}
    Trigger:     mean=1731.7  median=1777.0

  transfer:contextual_pivot (48 records)...
  Evaluator: same model (self-eval)

  === guardlens ===
    Computing flip rates...
    Token F1 (secondary): 0.8659
    Pivot turn:  exact=0.0417  within1=0.0417
    Dev drop:    {'5%': 0.18768576131681564, '10%': 0.4844681357147025, '15%': 0.6500132807161131, '20%': 0.7634486145406435}
    Necessity:   {'5%': 0.20833333333333334, '10%': 0.46527777777777773, '15%': 0.6527777777777778, '20%': 0.7777777777777777}
    Sufficiency: {'5%': 1.0, '10%': 1.0, '15%': 1.0, '20%': 1.0}
    Flip rates:  {'flip@5%': 0.2127659574468085, 'flip@10%': 0.46808510638297873, 'flip@15%': 0.6595744680851063, 'flip@20%': 0.7872340425531915, 'n_adversarial': 47, 'per_record_flips': {'flip@5%': [0, 0, 1, 0, 1, 0, 0, 1, 0, 0, 1, 0, 1, 0, 0, 0, 0, 0, 0, 0, 0, 0, 1, 0, 0, 0, 0, 0, 1, 0, 0, 0, 0, 0, 0, 0, 0, 1, 0, 0, 1, 0, 0, 0, 0, 1, 0], 'flip@10%': [1, 1, 1, 1, 1, 0, 1, 1, 0, 0, 1, 1, 1, 0, 0, 0, 1, 0, 0, 0, 1, 0, 1, 0, 1, 0, 1, 0, 1, 0, 0, 0, 0, 0, 0, 0, 0, 1, 0, 1, 1, 1, 1, 0, 0, 1, 0], 'flip@15%': [1, 1, 1, 1, 1, 0, 1, 1, 1, 0, 1, 1, 1, 0, 1, 0, 1, 0, 0, 0, 1, 0, 1, 1, 1, 1, 1, 0, 1, 0, 0, 1, 0, 0, 0, 0, 0, 1, 1, 1, 1, 1, 1, 1, 1, 1, 1], 'flip@20%': [1, 1, 1, 1, 1, 1, 1, 1, 1, 0, 1, 1, 1, 0, 1, 0, 1, 0, 0, 0, 1, 1, 1, 1, 1, 1, 1, 1, 1, 0, 0, 1, 1, 1, 1, 0, 0, 1, 1, 1, 1, 1, 1, 1, 1, 1, 1]}}
    Trigger:     mean=263.3  median=216.0

  === surface_risk ===
    Computing flip rates...
    Token F1 (secondary): 0.0564
    Pivot turn:  exact=0.0833  within1=0.1875
    Dev drop:    {'5%': 0.21111360972018373, '10%': 0.6913123051900641, '15%': 0.6913123051900641, '20%': 0.6913123051900641}
    Necessity:   {'5%': 0.20833333333333334, '10%': 0.6944444444444443, '15%': 0.6944444444444443, '20%': 0.6944444444444443}
    Sufficiency: {'5%': 0.9375, '10%': 0.9791666666666666, '15%': 0.9791666666666666, '20%': 0.9791666666666666}
    Flip rates:  {'flip@5%': 0.7021276595744681, 'flip@10%': 0.7021276595744681, 'flip@15%': 0.7021276595744681, 'flip@20%': 0.7021276595744681, 'n_adversarial': 47, 'per_record_flips': {'flip@5%': [1, 1, 1, 1, 1, 0, 1, 1, 1, 0, 1, 1, 1, 0, 1, 0, 1, 0, 0, 0, 1, 0, 1, 1, 1, 1, 1, 0, 1, 0, 0, 1, 1, 0, 1, 0, 0, 1, 1, 1, 1, 1, 1, 1, 1, 1, 1], 'flip@10%': [1, 1, 1, 1, 1, 0, 1, 1, 1, 0, 1, 1, 1, 0, 1, 0, 1, 0, 0, 0, 1, 0, 1, 1, 1, 1, 1, 0, 1, 0, 0, 1, 1, 0, 1, 0, 0, 1, 1, 1, 1, 1, 1, 1, 1, 1, 1], 'flip@15%': [1, 1, 1, 1, 1, 0, 1, 1, 1, 0, 1, 1, 1, 0, 1, 0, 1, 0, 0, 0, 1, 0, 1, 1, 1, 1, 1, 0, 1, 0, 0, 1, 1, 0, 1, 0, 0, 1, 1, 1, 1, 1, 1, 1, 1, 1, 1], 'flip@20%': [1, 1, 1, 1, 1, 0, 1, 1, 1, 0, 1, 1, 1, 0, 1, 0, 1, 0, 0, 0, 1, 0, 1, 1, 1, 1, 1, 0, 1, 0, 0, 1, 1, 0, 1, 0, 0, 1, 1, 1, 1, 1, 1, 1, 1, 1, 1]}}
    Trigger:     mean=583.7  median=112.0

  === attention ===
    Computing flip rates...
    Token F1 (secondary): 0.7212
    Pivot turn:  exact=0.1250  within1=0.1250
    Dev drop:    {'5%': 0.00871598149867768, '10%': 0.027547576643050985, '15%': 0.0451673224885413, '20%': 0.055927354800935955}
    Necessity:   {'5%': 0.020833333333333332, '10%': 0.041666666666666664, '15%': 0.0625, '20%': 0.0625}
    Sufficiency: {'5%': 1.0, '10%': 1.0, '15%': 1.0, '20%': 1.0}
    Flip rates:  {'flip@5%': 0.02127659574468085, 'flip@10%': 0.0425531914893617, 'flip@15%': 0.06382978723404255, 'flip@20%': 0.06382978723404255, 'n_adversarial': 47, 'per_record_flips': {'flip@5%': [0, 0, 0, 0, 0, 0, 0, 0, 0, 0, 0, 0, 0, 0, 0, 0, 0, 0, 0, 0, 0, 0, 0, 0, 0, 0, 0, 0, 0, 0, 0, 0, 0, 0, 0, 0, 0, 0, 0, 0, 1, 0, 0, 0, 0, 0, 0], 'flip@10%': [0, 0, 0, 0, 0, 0, 0, 0, 0, 0, 0, 0, 1, 0, 0, 0, 0, 0, 0, 0, 0, 0, 0, 0, 0, 0, 0, 0, 0, 0, 0, 0, 0, 0, 0, 0, 0, 0, 0, 0, 1, 0, 0, 0, 0, 0, 0], 'flip@15%': [0, 0, 0, 0, 0, 0, 0, 0, 0, 0, 0, 0, 1, 0, 0, 0, 0, 0, 0, 0, 0, 0, 0, 0, 0, 0, 0, 0, 0, 0, 0, 0, 0, 0, 0, 0, 0, 1, 0, 0, 1, 0, 0, 0, 0, 0, 0], 'flip@20%': [0, 0, 0, 0, 0, 0, 0, 0, 0, 0, 0, 0, 1, 0, 0, 0, 0, 0, 0, 0, 0, 0, 0, 0, 0, 0, 0, 0, 0, 0, 0, 0, 0, 0, 0, 0, 0, 1, 0, 0, 1, 0, 0, 0, 0, 0, 0]}}
    Trigger:     mean=1638.8  median=1732.0

  === random ===
    Computing flip rates...
    Token F1 (secondary): 0.6272
    Pivot turn:  exact=0.0000  within1=0.0000
    Dev drop:    {'5%': 0.00015450538472926362, '10%': -1.332100401533411e-05, '15%': -0.0025544559701960136, '20%': -0.00483627014971794}
    Necessity:   {'5%': 0.0, '10%': 0.0, '15%': 0.0, '20%': 0.0}
    Sufficiency: {'5%': 0.9583333333333334, '10%': 1.0, '15%': 1.0, '20%': 0.9791666666666666}
    Flip rates:  {'flip@5%': 0.0, 'flip@10%': 0.0, 'flip@15%': 0.0, 'flip@20%': 0.0, 'n_adversarial': 47, 'per_record_flips': {'flip@5%': [0, 0, 0, 0, 0, 0, 0, 0, 0, 0, 0, 0, 0, 0, 0, 0, 0, 0, 0, 0, 0, 0, 0, 0, 0, 0, 0, 0, 0, 0, 0, 0, 0, 0, 0, 0, 0, 0, 0, 0, 0, 0, 0, 0, 0, 0, 0], 'flip@10%': [0, 0, 0, 0, 0, 0, 0, 0, 0, 0, 0, 0, 0, 0, 0, 0, 0, 0, 0, 0, 0, 0, 0, 0, 0, 0, 0, 0, 0, 0, 0, 0, 0, 0, 0, 0, 0, 0, 0, 0, 0, 0, 0, 0, 0, 0, 0], 'flip@15%': [0, 0, 0, 0, 0, 0, 0, 0, 0, 0, 0, 0, 0, 0, 0, 0, 0, 0, 0, 0, 0, 0, 0, 0, 0, 0, 0, 0, 0, 0, 0, 0, 0, 0, 0, 0, 0, 0, 0, 0, 0, 0, 0, 0, 0, 0, 0], 'flip@20%': [0, 0, 0, 0, 0, 0, 0, 0, 0, 0, 0, 0, 0, 0, 0, 0, 0, 0, 0, 0, 0, 0, 0, 0, 0, 0, 0, 0, 0, 0, 0, 0, 0, 0, 0, 0, 0, 0, 0, 0, 0, 0, 0, 0, 0, 0, 0]}}
    Trigger:     mean=1695.0  median=1705.0

  transfer:lexical_pivot (36 records)...
  Evaluator: same model (self-eval)

  === guardlens ===
    Computing flip rates...
    Token F1 (secondary): 0.8958
    Pivot turn:  exact=0.0833  within1=0.0833
    Dev drop:    {'5%': 0.12266412758941038, '10%': 0.37779921398755, '15%': 0.5498657167144706, '20%': 0.6499801578949397}
    Necessity:   {'5%': 0.1111111111111111, '10%': 0.3611111111111111, '15%': 0.5277777777777778, '20%': 0.6666666666666666}
    Sufficiency: {'5%': 1.0, '10%': 1.0, '15%': 1.0, '20%': 1.0}
    Flip rates:  {'flip@5%': 0.1111111111111111, 'flip@10%': 0.3611111111111111, 'flip@15%': 0.5277777777777778, 'flip@20%': 0.6666666666666666, 'n_adversarial': 36, 'per_record_flips': {'flip@5%': [0, 1, 0, 0, 0, 0, 0, 0, 0, 0, 0, 1, 0, 1, 0, 0, 0, 0, 0, 0, 0, 0, 0, 0, 0, 0, 0, 0, 0, 0, 0, 0, 0, 1, 0, 0], 'flip@10%': [0, 1, 1, 1, 0, 0, 0, 0, 0, 0, 1, 1, 0, 1, 0, 1, 1, 1, 0, 0, 0, 1, 0, 0, 0, 0, 0, 1, 0, 1, 0, 0, 0, 1, 0, 0], 'flip@15%': [0, 1, 1, 1, 0, 0, 0, 0, 0, 0, 1, 1, 1, 1, 0, 1, 1, 1, 0, 0, 1, 1, 1, 0, 0, 0, 0, 1, 1, 1, 0, 0, 0, 1, 1, 1], 'flip@20%': [0, 1, 1, 1, 0, 1, 0, 0, 0, 0, 1, 1, 1, 1, 0, 1, 1, 1, 0, 1, 1, 1, 1, 0, 1, 0, 0, 1, 1, 1, 0, 1, 1, 1, 1, 1]}}
    Trigger:     mean=299.4  median=220.5

  === surface_risk ===
    Computing flip rates...
    Token F1 (secondary): 0.0623
    Pivot turn:  exact=0.0833  within1=0.2500
    Dev drop:    {'5%': 0.09070294070665517, '10%': 0.48985030280871594, '15%': 0.48985030280871594, '20%': 0.48985030280871594}
    Necessity:   {'5%': 0.08333333333333333, '10%': 0.4444444444444444, '15%': 0.4444444444444444, '20%': 0.4444444444444444}
    Sufficiency: {'5%': 1.0, '10%': 1.0, '15%': 1.0, '20%': 1.0}
    Flip rates:  {'flip@5%': 0.4444444444444444, 'flip@10%': 0.4444444444444444, 'flip@15%': 0.4444444444444444, 'flip@20%': 0.4444444444444444, 'n_adversarial': 36, 'per_record_flips': {'flip@5%': [0, 1, 1, 1, 0, 0, 0, 0, 0, 0, 1, 1, 0, 1, 0, 1, 1, 1, 0, 1, 0, 1, 0, 0, 0, 0, 0, 1, 1, 1, 0, 0, 0, 1, 0, 1], 'flip@10%': [0, 1, 1, 1, 0, 0, 0, 0, 0, 0, 1, 1, 0, 1, 0, 1, 1, 1, 0, 1, 0, 1, 0, 0, 0, 0, 0, 1, 1, 1, 0, 0, 0, 1, 0, 1], 'flip@15%': [0, 1, 1, 1, 0, 0, 0, 0, 0, 0, 1, 1, 0, 1, 0, 1, 1, 1, 0, 1, 0, 1, 0, 0, 0, 0, 0, 1, 1, 1, 0, 0, 0, 1, 0, 1], 'flip@20%': [0, 1, 1, 1, 0, 0, 0, 0, 0, 0, 1, 1, 0, 1, 0, 1, 1, 1, 0, 1, 0, 1, 0, 0, 0, 0, 0, 1, 1, 1, 0, 0, 0, 1, 0, 1]}}
    Trigger:     mean=1011.2  median=1454.0

  === attention ===
    Computing flip rates...
    Token F1 (secondary): 0.7400
    Pivot turn:  exact=0.0833  within1=0.0833
    Dev drop:    {'5%': 0.0002142720752292209, '10%': 0.00025030142731136747, '15%': 0.00011426210403442383, '20%': 7.425745328267415e-06}
    Necessity:   {'5%': 0.0, '10%': 0.0, '15%': 0.0, '20%': 0.0}
    Sufficiency: {'5%': 1.0, '10%': 1.0, '15%': 1.0, '20%': 1.0}
    Flip rates:  {'flip@5%': 0.0, 'flip@10%': 0.0, 'flip@15%': 0.0, 'flip@20%': 0.0, 'n_adversarial': 36, 'per_record_flips': {'flip@5%': [0, 0, 0, 0, 0, 0, 0, 0, 0, 0, 0, 0, 0, 0, 0, 0, 0, 0, 0, 0, 0, 0, 0, 0, 0, 0, 0, 0, 0, 0, 0, 0, 0, 0, 0, 0], 'flip@10%': [0, 0, 0, 0, 0, 0, 0, 0, 0, 0, 0, 0, 0, 0, 0, 0, 0, 0, 0, 0, 0, 0, 0, 0, 0, 0, 0, 0, 0, 0, 0, 0, 0, 0, 0, 0], 'flip@15%': [0, 0, 0, 0, 0, 0, 0, 0, 0, 0, 0, 0, 0, 0, 0, 0, 0, 0, 0, 0, 0, 0, 0, 0, 0, 0, 0, 0, 0, 0, 0, 0, 0, 0, 0, 0], 'flip@20%': [0, 0, 0, 0, 0, 0, 0, 0, 0, 0, 0, 0, 0, 0, 0, 0, 0, 0, 0, 0, 0, 0, 0, 0, 0, 0, 0, 0, 0, 0, 0, 0, 0, 0, 0, 0]}}
    Trigger:     mean=1814.6  median=1809.5

  === random ===
    Computing flip rates...
    Token F1 (secondary): 0.6167
    Pivot turn:  exact=0.0278  within1=0.1389
    Dev drop:    {'5%': -0.00020427339606814913, '10%': -0.0003620998726950751, '15%': -0.0005231714910931058, '20%': -0.0007062090767754449}
    Necessity:   {'5%': 0.0, '10%': 0.0, '15%': 0.0, '20%': 0.0}
    Sufficiency: {'5%': 0.9722222222222222, '10%': 0.9722222222222222, '15%': 1.0, '20%': 1.0}
    Flip rates:  {'flip@5%': 0.0, 'flip@10%': 0.0, 'flip@15%': 0.0, 'flip@20%': 0.0, 'n_adversarial': 36, 'per_record_flips': {'flip@5%': [0, 0, 0, 0, 0, 0, 0, 0, 0, 0, 0, 0, 0, 0, 0, 0, 0, 0, 0, 0, 0, 0, 0, 0, 0, 0, 0, 0, 0, 0, 0, 0, 0, 0, 0, 0], 'flip@10%': [0, 0, 0, 0, 0, 0, 0, 0, 0, 0, 0, 0, 0, 0, 0, 0, 0, 0, 0, 0, 0, 0, 0, 0, 0, 0, 0, 0, 0, 0, 0, 0, 0, 0, 0, 0], 'flip@15%': [0, 0, 0, 0, 0, 0, 0, 0, 0, 0, 0, 0, 0, 0, 0, 0, 0, 0, 0, 0, 0, 0, 0, 0, 0, 0, 0, 0, 0, 0, 0, 0, 0, 0, 0, 0], 'flip@20%': [0, 0, 0, 0, 0, 0, 0, 0, 0, 0, 0, 0, 0, 0, 0, 0, 0, 0, 0, 0, 0, 0, 0, 0, 0, 0, 0, 0, 0, 0, 0, 0, 0, 0, 0, 0]}}
    Trigger:     mean=1807.3  median=1815.5
  Skipping transfer:distributed (only 2 records)

LaTeX table saved to /gpfs/home/s001/ssubram7/work/results/guardlens_v11/results/review_response/causal_eval_with_tiers.tex
Results saved to /gpfs/home/s001/ssubram7/work/results/guardlens_v11/results/review_response/causal_eval_with_tiers.json
  3: SUCCESS (14:16:10)

========================================================
  Phase 3 Summary — Sun Jul 12 14:16:10 EDT 2026
========================================================

  LOTO vs GuardLens Turn Hit Rate:
  k            LOTO  GuardLens     Random    GL-LOTO
  ------ ---------- ---------- ---------- ----------
  1           0.333      0.368      0.213     +0.034
  2           0.448      0.494      0.387     +0.046
  3           0.598      0.552      0.528     -0.046
  5           0.655      0.701      0.732     +0.046

  LOTO Deviation Drop:
    DD@5%: 0.019 (n=86)
    DD@10%: 0.034 (n=86)
    DD@15%: 0.078 (n=86)
    DD@20%: 0.125 (n=86)

  Utility Grid Winners (GL vs SR):
    k=5%: λ=0.0:SR  λ=0.5:GL  λ=1.0:GL  λ=2.0:GL  λ=5.0:GL
    k=10%: λ=0.0:SR  λ=0.5:GL  λ=1.0:GL  λ=2.0:GL  λ=5.0:GL
    k=15%: λ=0.0:GL  λ=0.5:GL  λ=1.0:GL  λ=2.0:GL  λ=5.0:GL
    k=20%: λ=0.0:GL  λ=0.5:GL  λ=1.0:GL  λ=2.0:GL  λ=5.0:GL

  Per-Tier DD@15% (guardlens method):
    benign_validated     DD@15%=0.000 (n=0)
    cf_weak              DD@15%=0.768 (n=0)
    construction         DD@15%=0.695 (n=0)
    llm_confirmed        DD@15%=0.535 (n=0)

========================================================
  Done: Sun Jul 12 14:16:11 EDT 2026
========================================================
